 
****************************************
Report : area
Design : Segway
Version: X-2025.06
Date   : Fri Dec  5 00:09:07 2025
****************************************

Library(s) Used:

    saed32rvt_tt0p85v25c (File: /cae/apps/data/saed32_edk-2022/lib/stdcell_rvt/db_nldm/saed32rvt_tt0p85v25c.db)

Number of ports:                           20
Number of nets:                          4532
Number of cells:                         4150
Number of combinational cells:           3623
Number of sequential cells:               517
Number of macros/black boxes:               0
Number of buf/inv:                        668
Number of references:                      61

Combinational area:               8593.879340
Buf/Inv area:                      866.631043
Noncombinational area:            3622.060362
Macro/Black Box area:                0.000000
Net Interconnect area:            2551.601244

Total cell area:                 12215.939702
Total area:                      14767.540946
1
