Information: Updating design information... (UID-85)
 
****************************************
Report : timing
        -path full
        -delay max
        -nworst 5
        -nets
        -max_paths 5
        -sort_by slack
Design : Segway
Version: X-2025.06
Date   : Fri Dec  5 00:08:00 2025
****************************************

Operating Conditions: tt0p85v25c   Library: saed32rvt_tt0p85v25c
Wire Load Model Mode: enclosed

  Startpoint: clk_r_REG247_S10
              (rising edge-triggered flip-flop clocked by clk)
  Endpoint: clk_r_REG73_S6
            (rising edge-triggered flip-flop clocked by clk)
  Path Group: clk
  Path Type: max

  Des/Clust/Port     Wire Load Model       Library
  ------------------------------------------------
  Segway             16000                 saed32rvt_tt0p85v25c

  Point                        Fanout      Incr       Path
  -----------------------------------------------------------
  clock clk (rise edge)                    0.00       0.00
  clock network delay (ideal)              0.00       0.00
  clk_r_REG247_S10/CLK (DFFASX1_RVT)       0.00       0.00 r
  clk_r_REG247_S10/Q (DFFASX1_RVT)         0.18       0.18 f
  n2715 (net)                    8         0.00       0.18 f
  U4541/Y (NAND2X0_RVT)                    0.09       0.27 r
  n4388 (net)                    3         0.00       0.27 r
  U4542/Y (INVX1_RVT)                      0.05       0.33 f
  n4535 (net)                    3         0.00       0.33 f
  U2359/Y (XNOR3X1_RVT)                    0.22       0.55 f
  n2289 (net)                    1         0.00       0.55 f
  U2557/Y (XOR3X2_RVT)                     0.20       0.74 f
  n4402 (net)                    2         0.00       0.74 f
  U4588/Y (INVX1_RVT)                      0.06       0.80 r
  n4410 (net)                    2         0.00       0.80 r
  U2564/Y (XNOR3X1_RVT)                    0.20       1.00 r
  n2287 (net)                    1         0.00       1.00 r
  U2563/Y (XOR2X1_RVT)                     0.14       1.14 f
  n4568 (net)                    2         0.00       1.14 f
  U4739/Y (INVX1_RVT)                      0.04       1.19 r
  n4570 (net)                    1         0.00       1.19 r
  U4740/Y (NAND2X0_RVT)                    0.05       1.23 f
  n4582 (net)                    2         0.00       1.23 f
  U4743/Y (NAND4X0_RVT)                    0.06       1.29 r
  n4585 (net)                    1         0.00       1.29 r
  U4744/Y (NAND2X0_RVT)                    0.05       1.35 f
  n4589 (net)                    2         0.00       1.35 f
  U4747/Y (NAND2X0_RVT)                    0.06       1.41 r
  n4591 (net)                    1         0.00       1.41 r
  U2357/Y (XOR3X2_RVT)                     0.09       1.50 f
  n4596 (net)                    1         0.00       1.50 f
  U2859/Y (XOR2X2_RVT)                     0.13       1.63 r
  n4691 (net)                    4         0.00       1.63 r
  U2697/Y (XOR2X1_RVT)                     0.14       1.77 f
  n4699 (net)                    3         0.00       1.77 f
  U3428/Y (INVX0_RVT)                      0.05       1.81 r
  n4689 (net)                    1         0.00       1.81 r
  U4817/Y (NAND2X0_RVT)                    0.05       1.86 f
  n4707 (net)                    2         0.00       1.86 f
  U4833/Y (NAND2X0_RVT)                    0.08       1.94 r
  n4901 (net)                    2         0.00       1.94 r
  U3431/Y (XNOR2X1_RVT)                    0.14       2.08 r
  n4903 (net)                    1         0.00       2.08 r
  U5022/Y (NAND3X0_RVT)                    0.06       2.14 f
  n4906 (net)                    1         0.00       2.14 f
  U5023/Y (NAND2X0_RVT)                    0.07       2.21 r
  n4926 (net)                    2         0.00       2.21 r
  U5026/Y (NAND2X0_RVT)                    0.06       2.27 f
  n5004 (net)                    2         0.00       2.27 f
  U5027/Y (NAND2X0_RVT)                    0.08       2.35 r
  n4998 (net)                    3         0.00       2.35 r
  U5028/Y (NAND4X0_RVT)                    0.08       2.43 f
  n5016 (net)                    1         0.00       2.43 f
  U5057/Y (NAND2X0_RVT)                    0.08       2.51 r
  n4978 (net)                    3         0.00       2.51 r
  U5061/Y (NAND2X0_RVT)                    0.06       2.57 f
  n4979 (net)                    2         0.00       2.57 f
  U3396/Y (INVX0_RVT)                      0.05       2.62 r
  n4982 (net)                    2         0.00       2.62 r
  U5066/Y (NAND3X0_RVT)                    0.05       2.67 f
  n4993 (net)                    1         0.00       2.67 f
  U3114/Y (AND4X1_RVT)                     0.10       2.77 f
  n2425 (net)                    1         0.00       2.77 f
  clk_r_REG73_S6/D (DFFARX1_RVT)           0.01       2.78 f
  data arrival time                                   2.78

  clock clk (rise edge)                    3.00       3.00
  clock network delay (ideal)              0.00       3.00
  clock uncertainty                       -0.15       2.85
  clk_r_REG73_S6/CLK (DFFARX1_RVT)         0.00       2.85 r
  library setup time                      -0.06       2.79
  data required time                                  2.79
  -----------------------------------------------------------
  data required time                                  2.79
  data arrival time                                  -2.78
  -----------------------------------------------------------
  slack (MET)                                         0.01


  Startpoint: clk_r_REG247_S10
              (rising edge-triggered flip-flop clocked by clk)
  Endpoint: clk_r_REG73_S6
            (rising edge-triggered flip-flop clocked by clk)
  Path Group: clk
  Path Type: max

  Des/Clust/Port     Wire Load Model       Library
  ------------------------------------------------
  Segway             16000                 saed32rvt_tt0p85v25c

  Point                        Fanout      Incr       Path
  -----------------------------------------------------------
  clock clk (rise edge)                    0.00       0.00
  clock network delay (ideal)              0.00       0.00
  clk_r_REG247_S10/CLK (DFFASX1_RVT)       0.00       0.00 r
  clk_r_REG247_S10/Q (DFFASX1_RVT)         0.18       0.18 f
  n2715 (net)                    8         0.00       0.18 f
  U4541/Y (NAND2X0_RVT)                    0.09       0.27 r
  n4388 (net)                    3         0.00       0.27 r
  U4542/Y (INVX1_RVT)                      0.05       0.33 f
  n4535 (net)                    3         0.00       0.33 f
  U2359/Y (XNOR3X1_RVT)                    0.22       0.55 r
  n2289 (net)                    1         0.00       0.55 r
  U2557/Y (XOR3X2_RVT)                     0.20       0.74 f
  n4402 (net)                    2         0.00       0.74 f
  U4588/Y (INVX1_RVT)                      0.06       0.80 r
  n4410 (net)                    2         0.00       0.80 r
  U2564/Y (XNOR3X1_RVT)                    0.20       1.00 r
  n2287 (net)                    1         0.00       1.00 r
  U2563/Y (XOR2X1_RVT)                     0.14       1.14 f
  n4568 (net)                    2         0.00       1.14 f
  U4739/Y (INVX1_RVT)                      0.04       1.19 r
  n4570 (net)                    1         0.00       1.19 r
  U4740/Y (NAND2X0_RVT)                    0.05       1.23 f
  n4582 (net)                    2         0.00       1.23 f
  U4743/Y (NAND4X0_RVT)                    0.06       1.29 r
  n4585 (net)                    1         0.00       1.29 r
  U4744/Y (NAND2X0_RVT)                    0.05       1.34 f
  n4589 (net)                    2         0.00       1.34 f
  U4747/Y (NAND2X0_RVT)                    0.06       1.41 r
  n4591 (net)                    1         0.00       1.41 r
  U2357/Y (XOR3X2_RVT)                     0.09       1.50 f
  n4596 (net)                    1         0.00       1.50 f
  U2859/Y (XOR2X2_RVT)                     0.13       1.63 r
  n4691 (net)                    4         0.00       1.63 r
  U2697/Y (XOR2X1_RVT)                     0.14       1.77 f
  n4699 (net)                    3         0.00       1.77 f
  U3428/Y (INVX0_RVT)                      0.05       1.81 r
  n4689 (net)                    1         0.00       1.81 r
  U4817/Y (NAND2X0_RVT)                    0.05       1.86 f
  n4707 (net)                    2         0.00       1.86 f
  U4833/Y (NAND2X0_RVT)                    0.08       1.94 r
  n4901 (net)                    2         0.00       1.94 r
  U3431/Y (XNOR2X1_RVT)                    0.14       2.08 r
  n4903 (net)                    1         0.00       2.08 r
  U5022/Y (NAND3X0_RVT)                    0.06       2.14 f
  n4906 (net)                    1         0.00       2.14 f
  U5023/Y (NAND2X0_RVT)                    0.07       2.21 r
  n4926 (net)                    2         0.00       2.21 r
  U5026/Y (NAND2X0_RVT)                    0.06       2.27 f
  n5004 (net)                    2         0.00       2.27 f
  U5027/Y (NAND2X0_RVT)                    0.08       2.35 r
  n4998 (net)                    3         0.00       2.35 r
  U5028/Y (NAND4X0_RVT)                    0.08       2.43 f
  n5016 (net)                    1         0.00       2.43 f
  U5057/Y (NAND2X0_RVT)                    0.08       2.51 r
  n4978 (net)                    3         0.00       2.51 r
  U5061/Y (NAND2X0_RVT)                    0.06       2.57 f
  n4979 (net)                    2         0.00       2.57 f
  U3396/Y (INVX0_RVT)                      0.05       2.62 r
  n4982 (net)                    2         0.00       2.62 r
  U5066/Y (NAND3X0_RVT)                    0.05       2.67 f
  n4993 (net)                    1         0.00       2.67 f
  U3114/Y (AND4X1_RVT)                     0.10       2.77 f
  n2425 (net)                    1         0.00       2.77 f
  clk_r_REG73_S6/D (DFFARX1_RVT)           0.01       2.78 f
  data arrival time                                   2.78

  clock clk (rise edge)                    3.00       3.00
  clock network delay (ideal)              0.00       3.00
  clock uncertainty                       -0.15       2.85
  clk_r_REG73_S6/CLK (DFFARX1_RVT)         0.00       2.85 r
  library setup time                      -0.06       2.79
  data required time                                  2.79
  -----------------------------------------------------------
  data required time                                  2.79
  data arrival time                                  -2.78
  -----------------------------------------------------------
  slack (MET)                                         0.01


  Startpoint: clk_r_REG247_S10
              (rising edge-triggered flip-flop clocked by clk)
  Endpoint: clk_r_REG73_S6
            (rising edge-triggered flip-flop clocked by clk)
  Path Group: clk
  Path Type: max

  Des/Clust/Port     Wire Load Model       Library
  ------------------------------------------------
  Segway             16000                 saed32rvt_tt0p85v25c

  Point                        Fanout      Incr       Path
  -----------------------------------------------------------
  clock clk (rise edge)                    0.00       0.00
  clock network delay (ideal)              0.00       0.00
  clk_r_REG247_S10/CLK (DFFASX1_RVT)       0.00       0.00 r
  clk_r_REG247_S10/Q (DFFASX1_RVT)         0.18       0.18 f
  n2715 (net)                    8         0.00       0.18 f
  U4541/Y (NAND2X0_RVT)                    0.09       0.27 r
  n4388 (net)                    3         0.00       0.27 r
  U4542/Y (INVX1_RVT)                      0.05       0.33 f
  n4535 (net)                    3         0.00       0.33 f
  U2359/Y (XNOR3X1_RVT)                    0.22       0.55 f
  n2289 (net)                    1         0.00       0.55 f
  U2557/Y (XOR3X2_RVT)                     0.19       0.74 r
  n4402 (net)                    2         0.00       0.74 r
  U4588/Y (INVX1_RVT)                      0.05       0.79 f
  n4410 (net)                    2         0.00       0.79 f
  U2564/Y (XNOR3X1_RVT)                    0.20       0.99 f
  n2287 (net)                    1         0.00       0.99 f
  U2563/Y (XOR2X1_RVT)                     0.14       1.13 r
  n4568 (net)                    2         0.00       1.13 r
  U4739/Y (INVX1_RVT)                      0.04       1.16 f
  n4570 (net)                    1         0.00       1.16 f
  U4740/Y (NAND2X0_RVT)                    0.05       1.22 r
  n4582 (net)                    2         0.00       1.22 r
  U4743/Y (NAND4X0_RVT)                    0.07       1.29 f
  n4585 (net)                    1         0.00       1.29 f
  U4744/Y (NAND2X0_RVT)                    0.07       1.36 r
  n4589 (net)                    2         0.00       1.36 r
  U4747/Y (NAND2X0_RVT)                    0.05       1.42 f
  n4591 (net)                    1         0.00       1.42 f
  U2357/Y (XOR3X2_RVT)                     0.08       1.50 f
  n4596 (net)                    1         0.00       1.50 f
  U2859/Y (XOR2X2_RVT)                     0.13       1.63 r
  n4691 (net)                    4         0.00       1.63 r
  U2697/Y (XOR2X1_RVT)                     0.14       1.77 f
  n4699 (net)                    3         0.00       1.77 f
  U3428/Y (INVX0_RVT)                      0.05       1.81 r
  n4689 (net)                    1         0.00       1.81 r
  U4817/Y (NAND2X0_RVT)                    0.05       1.86 f
  n4707 (net)                    2         0.00       1.86 f
  U4833/Y (NAND2X0_RVT)                    0.08       1.94 r
  n4901 (net)                    2         0.00       1.94 r
  U3431/Y (XNOR2X1_RVT)                    0.14       2.08 r
  n4903 (net)                    1         0.00       2.08 r
  U5022/Y (NAND3X0_RVT)                    0.06       2.14 f
  n4906 (net)                    1         0.00       2.14 f
  U5023/Y (NAND2X0_RVT)                    0.07       2.21 r
  n4926 (net)                    2         0.00       2.21 r
  U5026/Y (NAND2X0_RVT)                    0.06       2.27 f
  n5004 (net)                    2         0.00       2.27 f
  U5027/Y (NAND2X0_RVT)                    0.08       2.35 r
  n4998 (net)                    3         0.00       2.35 r
  U5028/Y (NAND4X0_RVT)                    0.08       2.43 f
  n5016 (net)                    1         0.00       2.43 f
  U5057/Y (NAND2X0_RVT)                    0.08       2.50 r
  n4978 (net)                    3         0.00       2.50 r
  U5061/Y (NAND2X0_RVT)                    0.06       2.57 f
  n4979 (net)                    2         0.00       2.57 f
  U3396/Y (INVX0_RVT)                      0.05       2.62 r
  n4982 (net)                    2         0.00       2.62 r
  U5066/Y (NAND3X0_RVT)                    0.05       2.67 f
  n4993 (net)                    1         0.00       2.67 f
  U3114/Y (AND4X1_RVT)                     0.10       2.77 f
  n2425 (net)                    1         0.00       2.77 f
  clk_r_REG73_S6/D (DFFARX1_RVT)           0.01       2.78 f
  data arrival time                                   2.78

  clock clk (rise edge)                    3.00       3.00
  clock network delay (ideal)              0.00       3.00
  clock uncertainty                       -0.15       2.85
  clk_r_REG73_S6/CLK (DFFARX1_RVT)         0.00       2.85 r
  library setup time                      -0.06       2.79
  data required time                                  2.79
  -----------------------------------------------------------
  data required time                                  2.79
  data arrival time                                  -2.78
  -----------------------------------------------------------
  slack (MET)                                         0.01


  Startpoint: clk_r_REG307_S5
              (rising edge-triggered flip-flop clocked by clk)
  Endpoint: clk_r_REG226_S6
            (rising edge-triggered flip-flop clocked by clk)
  Path Group: clk
  Path Type: max

  Des/Clust/Port     Wire Load Model       Library
  ------------------------------------------------
  Segway             16000                 saed32rvt_tt0p85v25c

  Point                        Fanout      Incr       Path
  -----------------------------------------------------------
  clock clk (rise edge)                    0.00       0.00
  clock network delay (ideal)              0.00       0.00
  clk_r_REG307_S5/CLK (DFFARX1_RVT)        0.00       0.00 r
  clk_r_REG307_S5/Q (DFFARX1_RVT)          0.18       0.18 r
  n2673 (net)                    3         0.00       0.18 r
  iSTR/sub_64/U2_1/CO (FADDX1_RVT)         0.15       0.33 r
  iSTR/sub_64/carry[2] (net)     1         0.00       0.33 r
  iSTR/sub_64/U2_2/CO (FADDX1_RVT)         0.12       0.44 r
  iSTR/sub_64/carry[3] (net)     1         0.00       0.44 r
  iSTR/sub_64/U2_3/CO (FADDX1_RVT)         0.12       0.56 r
  iSTR/sub_64/carry[4] (net)     1         0.00       0.56 r
  iSTR/sub_64/U2_4/CO (FADDX1_RVT)         0.12       0.67 r
  iSTR/sub_64/carry[5] (net)     1         0.00       0.67 r
  iSTR/sub_64/U2_5/CO (FADDX1_RVT)         0.12       0.79 r
  iSTR/sub_64/carry[6] (net)     1         0.00       0.79 r
  iSTR/sub_64/U2_6/CO (FADDX1_RVT)         0.12       0.91 r
  iSTR/sub_64/carry[7] (net)     1         0.00       0.91 r
  iSTR/sub_64/U2_7/CO (FADDX1_RVT)         0.12       1.03 r
  iSTR/sub_64/carry[8] (net)     3         0.00       1.03 r
  U2577/Y (NAND2X0_RVT)                    0.05       1.08 f
  n2294 (net)                    1         0.00       1.08 f
  U2580/Y (NAND3X0_RVT)                    0.06       1.14 r
  iSTR/sub_64/carry[9] (net)     1         0.00       1.14 r
  iSTR/sub_64/U2_9/CO (FADDX1_RVT)         0.12       1.25 r
  iSTR/sub_64/carry[10] (net)
                                 1         0.00       1.25 r
  iSTR/sub_64/U2_10/CO (FADDX1_RVT)        0.12       1.37 r
  iSTR/sub_64/carry[11] (net)
                                 1         0.00       1.37 r
  iSTR/sub_64/U2_11/CO (FADDX1_RVT)        0.12       1.49 r
  iSTR/sub_64/carry[12] (net)
                                 2         0.00       1.49 r
  U2864/Y (INVX1_RVT)                      0.07       1.56 f
  n282 (net)                    11         0.00       1.56 f
  U2103/Y (NAND2X0_RVT)                    0.09       1.64 r
  n1530 (net)                    1         0.00       1.64 r
  U205/Y (XOR2X2_RVT)                      0.13       1.77 f
  n566 (net)                     4         0.00       1.77 f
  U779/Y (OR2X1_RVT)                       0.07       1.84 f
  n568 (net)                     1         0.00       1.84 f
  U778/Y (AO22X1_RVT)                      0.06       1.90 f
  n564 (net)                     2         0.00       1.90 f
  U777/Y (OR2X1_RVT)                       0.07       1.97 f
  n565 (net)                     1         0.00       1.97 f
  U776/Y (AO22X1_RVT)                      0.06       2.03 f
  n561 (net)                     1         0.00       2.03 f
  U774/Y (AO222X1_RVT)                     0.06       2.10 f
  n559 (net)                     1         0.00       2.10 f
  U773/Y (OA221X1_RVT)                     0.07       2.17 f
  n557 (net)                     1         0.00       2.17 f
  U772/Y (AO221X1_RVT)                     0.07       2.24 f
  n555 (net)                     1         0.00       2.24 f
  U771/Y (OA221X1_RVT)                     0.07       2.31 f
  n553 (net)                     1         0.00       2.31 f
  U770/Y (AOI221X1_RVT)                    0.09       2.40 r
  n551 (net)                     1         0.00       2.40 r
  U769/Y (AO221X1_RVT)                     0.07       2.48 r
  n549 (net)                     1         0.00       2.48 r
  U768/Y (OA221X1_RVT)                     0.07       2.55 r
  n546 (net)                     1         0.00       2.55 r
  U767/Y (AO221X1_RVT)                     0.08       2.63 r
  n543 (net)                     1         0.00       2.63 r
  U2418/Y (OA21X1_RVT)                     0.06       2.69 r
  n1973 (net)                    1         0.00       2.69 r
  U2417/Y (AOI22X1_RVT)                    0.08       2.77 f
  n529 (net)                     1         0.00       2.77 f
  clk_r_REG226_S6/D (DFFASX1_RVT)          0.01       2.78 f
  data arrival time                                   2.78

  clock clk (rise edge)                    3.00       3.00
  clock network delay (ideal)              0.00       3.00
  clock uncertainty                       -0.15       2.85
  clk_r_REG226_S6/CLK (DFFASX1_RVT)        0.00       2.85 r
  library setup time                      -0.06       2.79
  data required time                                  2.79
  -----------------------------------------------------------
  data required time                                  2.79
  data arrival time                                  -2.78
  -----------------------------------------------------------
  slack (MET)                                         0.01


  Startpoint: clk_r_REG307_S5
              (rising edge-triggered flip-flop clocked by clk)
  Endpoint: clk_r_REG226_S6
            (rising edge-triggered flip-flop clocked by clk)
  Path Group: clk
  Path Type: max

  Des/Clust/Port     Wire Load Model       Library
  ------------------------------------------------
  Segway             16000                 saed32rvt_tt0p85v25c

  Point                        Fanout      Incr       Path
  -----------------------------------------------------------
  clock clk (rise edge)                    0.00       0.00
  clock network delay (ideal)              0.00       0.00
  clk_r_REG307_S5/CLK (DFFARX1_RVT)        0.00       0.00 r
  clk_r_REG307_S5/Q (DFFARX1_RVT)          0.18       0.18 r
  n2673 (net)                    3         0.00       0.18 r
  iSTR/sub_64/U2_1/CO (FADDX1_RVT)         0.15       0.33 r
  iSTR/sub_64/carry[2] (net)     1         0.00       0.33 r
  iSTR/sub_64/U2_2/CO (FADDX1_RVT)         0.12       0.44 r
  iSTR/sub_64/carry[3] (net)     1         0.00       0.44 r
  iSTR/sub_64/U2_3/CO (FADDX1_RVT)         0.12       0.56 r
  iSTR/sub_64/carry[4] (net)     1         0.00       0.56 r
  iSTR/sub_64/U2_4/CO (FADDX1_RVT)         0.12       0.67 r
  iSTR/sub_64/carry[5] (net)     1         0.00       0.67 r
  iSTR/sub_64/U2_5/CO (FADDX1_RVT)         0.12       0.79 r
  iSTR/sub_64/carry[6] (net)     1         0.00       0.79 r
  iSTR/sub_64/U2_6/CO (FADDX1_RVT)         0.12       0.91 r
  iSTR/sub_64/carry[7] (net)     1         0.00       0.91 r
  iSTR/sub_64/U2_7/CO (FADDX1_RVT)         0.12       1.03 r
  iSTR/sub_64/carry[8] (net)     3         0.00       1.03 r
  U2578/Y (NAND2X0_RVT)                    0.05       1.07 f
  n2295 (net)                    1         0.00       1.07 f
  U2580/Y (NAND3X0_RVT)                    0.06       1.13 r
  iSTR/sub_64/carry[9] (net)     1         0.00       1.13 r
  iSTR/sub_64/U2_9/CO (FADDX1_RVT)         0.12       1.25 r
  iSTR/sub_64/carry[10] (net)
                                 1         0.00       1.25 r
  iSTR/sub_64/U2_10/CO (FADDX1_RVT)        0.12       1.37 r
  iSTR/sub_64/carry[11] (net)
                                 1         0.00       1.37 r
  iSTR/sub_64/U2_11/CO (FADDX1_RVT)        0.12       1.48 r
  iSTR/sub_64/carry[12] (net)
                                 2         0.00       1.48 r
  U2864/Y (INVX1_RVT)                      0.07       1.55 f
  n282 (net)                    11         0.00       1.55 f
  U2103/Y (NAND2X0_RVT)                    0.09       1.64 r
  n1530 (net)                    1         0.00       1.64 r
  U205/Y (XOR2X2_RVT)                      0.13       1.77 f
  n566 (net)                     4         0.00       1.77 f
  U779/Y (OR2X1_RVT)                       0.07       1.84 f
  n568 (net)                     1         0.00       1.84 f
  U778/Y (AO22X1_RVT)                      0.06       1.90 f
  n564 (net)                     2         0.00       1.90 f
  U777/Y (OR2X1_RVT)                       0.07       1.97 f
  n565 (net)                     1         0.00       1.97 f
  U776/Y (AO22X1_RVT)                      0.06       2.03 f
  n561 (net)                     1         0.00       2.03 f
  U774/Y (AO222X1_RVT)                     0.06       2.09 f
  n559 (net)                     1         0.00       2.09 f
  U773/Y (OA221X1_RVT)                     0.07       2.17 f
  n557 (net)                     1         0.00       2.17 f
  U772/Y (AO221X1_RVT)                     0.07       2.24 f
  n555 (net)                     1         0.00       2.24 f
  U771/Y (OA221X1_RVT)                     0.07       2.31 f
  n553 (net)                     1         0.00       2.31 f
  U770/Y (AOI221X1_RVT)                    0.09       2.40 r
  n551 (net)                     1         0.00       2.40 r
  U769/Y (AO221X1_RVT)                     0.07       2.47 r
  n549 (net)                     1         0.00       2.47 r
  U768/Y (OA221X1_RVT)                     0.07       2.55 r
  n546 (net)                     1         0.00       2.55 r
  U767/Y (AO221X1_RVT)                     0.08       2.62 r
  n543 (net)                     1         0.00       2.62 r
  U2418/Y (OA21X1_RVT)                     0.06       2.69 r
  n1973 (net)                    1         0.00       2.69 r
  U2417/Y (AOI22X1_RVT)                    0.08       2.77 f
  n529 (net)                     1         0.00       2.77 f
  clk_r_REG226_S6/D (DFFASX1_RVT)          0.01       2.78 f
  data arrival time                                   2.78

  clock clk (rise edge)                    3.00       3.00
  clock network delay (ideal)              0.00       3.00
  clock uncertainty                       -0.15       2.85
  clk_r_REG226_S6/CLK (DFFASX1_RVT)        0.00       2.85 r
  library setup time                      -0.06       2.79
  data required time                                  2.79
  -----------------------------------------------------------
  data required time                                  2.79
  data arrival time                                  -2.78
  -----------------------------------------------------------
  slack (MET)                                         0.01


1
