------------------------------------------------------------
Timing Analyzer Summary
------------------------------------------------------------

Type  : Slow 1200mV 85C Model Setup 'clk'
Slack : -1.444
TNS   : -16.025

Type  : Slow 1200mV 85C Model Hold 'clk'
Slack : 0.356
TNS   : 0.000

Type  : Slow 1200mV 85C Model Recovery 'clk'
Slack : -1.282
TNS   : -22.717

Type  : Slow 1200mV 85C Model Removal 'clk'
Slack : 1.424
TNS   : 0.000

Type  : Slow 1200mV 85C Model Minimum Pulse Width 'clk'
Slack : -3.000
TNS   : -30.000

Type  : Slow 1200mV 0C Model Setup 'clk'
Slack : -1.213
TNS   : -12.443

Type  : Slow 1200mV 0C Model Hold 'clk'
Slack : 0.312
TNS   : 0.000

Type  : Slow 1200mV 0C Model Recovery 'clk'
Slack : -1.104
TNS   : -19.466

Type  : Slow 1200mV 0C Model Removal 'clk'
Slack : 1.361
TNS   : 0.000

Type  : Slow 1200mV 0C Model Minimum Pulse Width 'clk'
Slack : -3.000
TNS   : -30.000

Type  : Fast 1200mV 0C Model Setup 'clk'
Slack : -0.713
TNS   : -4.429

Type  : Fast 1200mV 0C Model Hold 'clk'
Slack : 0.182
TNS   : 0.000

Type  : Fast 1200mV 0C Model Recovery 'clk'
Slack : -0.941
TNS   : -17.492

Type  : Fast 1200mV 0C Model Removal 'clk'
Slack : 1.417
TNS   : 0.000

Type  : Fast 1200mV 0C Model Minimum Pulse Width 'clk'
Slack : -3.000
TNS   : -38.196

------------------------------------------------------------
